------------------------------------------------------------
TimeQuest Timing Analyzer Summary
------------------------------------------------------------

Type  : Slow 1100mV 85C Model Setup 'inst4|u_vpg|u_pll|pll_inst|altera_pll_i|cyclonev_pll|counter[0].output_counter|divclk'
Slack : -232.034
TNS   : -8941.185

Type  : Slow 1100mV 85C Model Setup 'FPGA_CLK2_50'
Slack : -6.796
TNS   : -77.587

Type  : Slow 1100mV 85C Model Setup 'FPGA_CLK1_50'
Slack : -6.494
TNS   : -25.340

Type  : Slow 1100mV 85C Model Setup 'inst|pll_sys|altera_pll_i|general[1].gpll~PLL_OUTPUT_COUNTER|divclk'
Slack : 0.733
TNS   : 0.000

Type  : Slow 1100mV 85C Model Setup 'inst|pll_sys|altera_pll_i|general[0].gpll~PLL_OUTPUT_COUNTER|divclk'
Slack : 0.999
TNS   : 0.000

Type  : Slow 1100mV 85C Model Setup 'altera_reserved_tck'
Slack : 10.082
TNS   : 0.000

Type  : Slow 1100mV 85C Model Setup 'inst4|u_sys_pll|sys_pll_inst|altera_pll_i|general[1].gpll~PLL_OUTPUT_COUNTER|divclk'
Slack : 1297.978
TNS   : 0.000

Type  : Slow 1100mV 85C Model Setup 'inst4|u_sys_pll|sys_pll_inst|altera_pll_i|general[0].gpll~PLL_OUTPUT_COUNTER|divclk'
Slack : 1657.218
TNS   : 0.000

Type  : Slow 1100mV 85C Model Hold 'altera_reserved_tck'
Slack : 0.184
TNS   : 0.000

Type  : Slow 1100mV 85C Model Hold 'inst|pll_sys|altera_pll_i|general[0].gpll~PLL_OUTPUT_COUNTER|divclk'
Slack : 0.282
TNS   : 0.000

Type  : Slow 1100mV 85C Model Hold 'FPGA_CLK1_50'
Slack : 0.341
TNS   : 0.000

Type  : Slow 1100mV 85C Model Hold 'inst|pll_sys|altera_pll_i|general[1].gpll~PLL_OUTPUT_COUNTER|divclk'
Slack : 0.372
TNS   : 0.000

Type  : Slow 1100mV 85C Model Hold 'inst4|u_sys_pll|sys_pll_inst|altera_pll_i|general[0].gpll~PLL_OUTPUT_COUNTER|divclk'
Slack : 0.383
TNS   : 0.000

Type  : Slow 1100mV 85C Model Hold 'FPGA_CLK2_50'
Slack : 0.424
TNS   : 0.000

Type  : Slow 1100mV 85C Model Hold 'inst4|u_vpg|u_pll|pll_inst|altera_pll_i|cyclonev_pll|counter[0].output_counter|divclk'
Slack : 0.431
TNS   : 0.000

Type  : Slow 1100mV 85C Model Hold 'inst4|u_sys_pll|sys_pll_inst|altera_pll_i|general[1].gpll~PLL_OUTPUT_COUNTER|divclk'
Slack : 0.608
TNS   : 0.000

Type  : Slow 1100mV 85C Model Recovery 'inst|pll_sys|altera_pll_i|general[0].gpll~PLL_OUTPUT_COUNTER|divclk'
Slack : 0.545
TNS   : 0.000

Type  : Slow 1100mV 85C Model Recovery 'inst|pll_sys|altera_pll_i|general[1].gpll~PLL_OUTPUT_COUNTER|divclk'
Slack : 0.774
TNS   : 0.000

Type  : Slow 1100mV 85C Model Recovery 'FPGA_CLK2_50'
Slack : 15.899
TNS   : 0.000

Type  : Slow 1100mV 85C Model Recovery 'FPGA_CLK1_50'
Slack : 16.092
TNS   : 0.000

Type  : Slow 1100mV 85C Model Recovery 'altera_reserved_tck'
Slack : 16.690
TNS   : 0.000

Type  : Slow 1100mV 85C Model Removal 'FPGA_CLK1_50'
Slack : 0.679
TNS   : 0.000

Type  : Slow 1100mV 85C Model Removal 'inst|pll_sys|altera_pll_i|general[0].gpll~PLL_OUTPUT_COUNTER|divclk'
Slack : 0.905
TNS   : 0.000

Type  : Slow 1100mV 85C Model Removal 'inst|pll_sys|altera_pll_i|general[1].gpll~PLL_OUTPUT_COUNTER|divclk'
Slack : 1.059
TNS   : 0.000

Type  : Slow 1100mV 85C Model Removal 'altera_reserved_tck'
Slack : 1.205
TNS   : 0.000

Type  : Slow 1100mV 85C Model Removal 'FPGA_CLK2_50'
Slack : 1.552
TNS   : 0.000

Type  : Slow 1100mV 85C Model Minimum Pulse Width 'inst4|u_vpg|u_pll|pll_inst|altera_pll_i|cyclonev_pll|fpll_0|fpll|vcoph[0]'
Slack : 0.617
TNS   : 0.000

Type  : Slow 1100mV 85C Model Minimum Pulse Width 'inst|pll_sys|altera_pll_i|general[0].gpll~FRACTIONAL_PLL|vcoph[0]'
Slack : 1.250
TNS   : 0.000

Type  : Slow 1100mV 85C Model Minimum Pulse Width 'inst4|u_sys_pll|sys_pll_inst|altera_pll_i|general[0].gpll~FRACTIONAL_PLL|vcoph[0]'
Slack : 2.073
TNS   : 0.000

Type  : Slow 1100mV 85C Model Minimum Pulse Width 'inst4|u_vpg|u_pll|pll_inst|altera_pll_i|cyclonev_pll|counter[0].output_counter|divclk'
Slack : 2.347
TNS   : 0.000

Type  : Slow 1100mV 85C Model Minimum Pulse Width 'inst|pll_sys|altera_pll_i|general[0].gpll~PLL_OUTPUT_COUNTER|divclk'
Slack : 3.568
TNS   : 0.000

Type  : Slow 1100mV 85C Model Minimum Pulse Width 'FPGA_CLK1_50'
Slack : 8.921
TNS   : 0.000

Type  : Slow 1100mV 85C Model Minimum Pulse Width 'FPGA_CLK2_50'
Slack : 9.254
TNS   : 0.000

Type  : Slow 1100mV 85C Model Minimum Pulse Width 'inst|pll_sys|altera_pll_i|general[1].gpll~PLL_OUTPUT_COUNTER|divclk'
Slack : 11.073
TNS   : 0.000

Type  : Slow 1100mV 85C Model Minimum Pulse Width 'altera_reserved_tck'
Slack : 19.061
TNS   : 0.000

Type  : Slow 1100mV 85C Model Minimum Pulse Width 'inst4|u_sys_pll|sys_pll_inst|altera_pll_i|general[1].gpll~PLL_OUTPUT_COUNTER|divclk'
Slack : 650.217
TNS   : 0.000

Type  : Slow 1100mV 85C Model Minimum Pulse Width 'inst4|u_sys_pll|sys_pll_inst|altera_pll_i|general[0].gpll~PLL_OUTPUT_COUNTER|divclk'
Slack : 832.694
TNS   : 0.000

Type  : Slow 1100mV 0C Model Setup 'inst4|u_vpg|u_pll|pll_inst|altera_pll_i|cyclonev_pll|counter[0].output_counter|divclk'
Slack : -231.811
TNS   : -8929.272

Type  : Slow 1100mV 0C Model Setup 'FPGA_CLK2_50'
Slack : -6.395
TNS   : -72.837

Type  : Slow 1100mV 0C Model Setup 'FPGA_CLK1_50'
Slack : -6.025
TNS   : -23.530

Type  : Slow 1100mV 0C Model Setup 'inst|pll_sys|altera_pll_i|general[1].gpll~PLL_OUTPUT_COUNTER|divclk'
Slack : 0.760
TNS   : 0.000

Type  : Slow 1100mV 0C Model Setup 'inst|pll_sys|altera_pll_i|general[0].gpll~PLL_OUTPUT_COUNTER|divclk'
Slack : 1.108
TNS   : 0.000

Type  : Slow 1100mV 0C Model Setup 'altera_reserved_tck'
Slack : 10.067
TNS   : 0.000

Type  : Slow 1100mV 0C Model Setup 'inst4|u_sys_pll|sys_pll_inst|altera_pll_i|general[1].gpll~PLL_OUTPUT_COUNTER|divclk'
Slack : 1297.892
TNS   : 0.000

Type  : Slow 1100mV 0C Model Setup 'inst4|u_sys_pll|sys_pll_inst|altera_pll_i|general[0].gpll~PLL_OUTPUT_COUNTER|divclk'
Slack : 1657.544
TNS   : 0.000

Type  : Slow 1100mV 0C Model Hold 'altera_reserved_tck'
Slack : 0.169
TNS   : 0.000

Type  : Slow 1100mV 0C Model Hold 'inst|pll_sys|altera_pll_i|general[0].gpll~PLL_OUTPUT_COUNTER|divclk'
Slack : 0.264
TNS   : 0.000

Type  : Slow 1100mV 0C Model Hold 'FPGA_CLK2_50'
Slack : 0.316
TNS   : 0.000

Type  : Slow 1100mV 0C Model Hold 'FPGA_CLK1_50'
Slack : 0.320
TNS   : 0.000

Type  : Slow 1100mV 0C Model Hold 'inst|pll_sys|altera_pll_i|general[1].gpll~PLL_OUTPUT_COUNTER|divclk'
Slack : 0.345
TNS   : 0.000

Type  : Slow 1100mV 0C Model Hold 'inst4|u_sys_pll|sys_pll_inst|altera_pll_i|general[0].gpll~PLL_OUTPUT_COUNTER|divclk'
Slack : 0.367
TNS   : 0.000

Type  : Slow 1100mV 0C Model Hold 'inst4|u_vpg|u_pll|pll_inst|altera_pll_i|cyclonev_pll|counter[0].output_counter|divclk'
Slack : 0.441
TNS   : 0.000

Type  : Slow 1100mV 0C Model Hold 'inst4|u_sys_pll|sys_pll_inst|altera_pll_i|general[1].gpll~PLL_OUTPUT_COUNTER|divclk'
Slack : 0.566
TNS   : 0.000

Type  : Slow 1100mV 0C Model Recovery 'inst|pll_sys|altera_pll_i|general[0].gpll~PLL_OUTPUT_COUNTER|divclk'
Slack : 0.776
TNS   : 0.000

Type  : Slow 1100mV 0C Model Recovery 'inst|pll_sys|altera_pll_i|general[1].gpll~PLL_OUTPUT_COUNTER|divclk'
Slack : 0.924
TNS   : 0.000

Type  : Slow 1100mV 0C Model Recovery 'FPGA_CLK2_50'
Slack : 16.029
TNS   : 0.000

Type  : Slow 1100mV 0C Model Recovery 'FPGA_CLK1_50'
Slack : 16.267
TNS   : 0.000

Type  : Slow 1100mV 0C Model Recovery 'altera_reserved_tck'
Slack : 16.874
TNS   : 0.000

Type  : Slow 1100mV 0C Model Removal 'FPGA_CLK1_50'
Slack : 0.624
TNS   : 0.000

Type  : Slow 1100mV 0C Model Removal 'inst|pll_sys|altera_pll_i|general[0].gpll~PLL_OUTPUT_COUNTER|divclk'
Slack : 0.826
TNS   : 0.000

Type  : Slow 1100mV 0C Model Removal 'inst|pll_sys|altera_pll_i|general[1].gpll~PLL_OUTPUT_COUNTER|divclk'
Slack : 1.002
TNS   : 0.000

Type  : Slow 1100mV 0C Model Removal 'altera_reserved_tck'
Slack : 1.129
TNS   : 0.000

Type  : Slow 1100mV 0C Model Removal 'FPGA_CLK2_50'
Slack : 1.475
TNS   : 0.000

Type  : Slow 1100mV 0C Model Minimum Pulse Width 'inst4|u_vpg|u_pll|pll_inst|altera_pll_i|cyclonev_pll|fpll_0|fpll|vcoph[0]'
Slack : 0.617
TNS   : 0.000

Type  : Slow 1100mV 0C Model Minimum Pulse Width 'inst|pll_sys|altera_pll_i|general[0].gpll~FRACTIONAL_PLL|vcoph[0]'
Slack : 1.250
TNS   : 0.000

Type  : Slow 1100mV 0C Model Minimum Pulse Width 'inst4|u_sys_pll|sys_pll_inst|altera_pll_i|general[0].gpll~FRACTIONAL_PLL|vcoph[0]'
Slack : 2.073
TNS   : 0.000

Type  : Slow 1100mV 0C Model Minimum Pulse Width 'inst4|u_vpg|u_pll|pll_inst|altera_pll_i|cyclonev_pll|counter[0].output_counter|divclk'
Slack : 2.280
TNS   : 0.000

Type  : Slow 1100mV 0C Model Minimum Pulse Width 'inst|pll_sys|altera_pll_i|general[0].gpll~PLL_OUTPUT_COUNTER|divclk'
Slack : 3.542
TNS   : 0.000

Type  : Slow 1100mV 0C Model Minimum Pulse Width 'FPGA_CLK1_50'
Slack : 8.932
TNS   : 0.000

Type  : Slow 1100mV 0C Model Minimum Pulse Width 'FPGA_CLK2_50'
Slack : 9.164
TNS   : 0.000

Type  : Slow 1100mV 0C Model Minimum Pulse Width 'inst|pll_sys|altera_pll_i|general[1].gpll~PLL_OUTPUT_COUNTER|divclk'
Slack : 11.052
TNS   : 0.000

Type  : Slow 1100mV 0C Model Minimum Pulse Width 'altera_reserved_tck'
Slack : 19.062
TNS   : 0.000

Type  : Slow 1100mV 0C Model Minimum Pulse Width 'inst4|u_sys_pll|sys_pll_inst|altera_pll_i|general[1].gpll~PLL_OUTPUT_COUNTER|divclk'
Slack : 650.163
TNS   : 0.000

Type  : Slow 1100mV 0C Model Minimum Pulse Width 'inst4|u_sys_pll|sys_pll_inst|altera_pll_i|general[0].gpll~PLL_OUTPUT_COUNTER|divclk'
Slack : 832.626
TNS   : 0.000

Type  : Fast 1100mV 85C Model Setup 'inst4|u_vpg|u_pll|pll_inst|altera_pll_i|cyclonev_pll|counter[0].output_counter|divclk'
Slack : -228.174
TNS   : -8730.346

Type  : Fast 1100mV 85C Model Setup 'FPGA_CLK2_50'
Slack : -3.927
TNS   : -44.199

Type  : Fast 1100mV 85C Model Setup 'FPGA_CLK1_50'
Slack : -3.858
TNS   : -14.731

Type  : Fast 1100mV 85C Model Setup 'inst|pll_sys|altera_pll_i|general[1].gpll~PLL_OUTPUT_COUNTER|divclk'
Slack : 2.356
TNS   : 0.000

Type  : Fast 1100mV 85C Model Setup 'inst|pll_sys|altera_pll_i|general[0].gpll~PLL_OUTPUT_COUNTER|divclk'
Slack : 3.126
TNS   : 0.000

Type  : Fast 1100mV 85C Model Setup 'altera_reserved_tck'
Slack : 12.908
TNS   : 0.000

Type  : Fast 1100mV 85C Model Setup 'inst4|u_sys_pll|sys_pll_inst|altera_pll_i|general[1].gpll~PLL_OUTPUT_COUNTER|divclk'
Slack : 1300.015
TNS   : 0.000

Type  : Fast 1100mV 85C Model Setup 'inst4|u_sys_pll|sys_pll_inst|altera_pll_i|general[0].gpll~PLL_OUTPUT_COUNTER|divclk'
Slack : 1660.806
TNS   : 0.000

Type  : Fast 1100mV 85C Model Hold 'altera_reserved_tck'
Slack : 0.033
TNS   : 0.000

Type  : Fast 1100mV 85C Model Hold 'inst|pll_sys|altera_pll_i|general[0].gpll~PLL_OUTPUT_COUNTER|divclk'
Slack : 0.151
TNS   : 0.000

Type  : Fast 1100mV 85C Model Hold 'FPGA_CLK1_50'
Slack : 0.178
TNS   : 0.000

Type  : Fast 1100mV 85C Model Hold 'FPGA_CLK2_50'
Slack : 0.178
TNS   : 0.000

Type  : Fast 1100mV 85C Model Hold 'inst4|u_vpg|u_pll|pll_inst|altera_pll_i|cyclonev_pll|counter[0].output_counter|divclk'
Slack : 0.178
TNS   : 0.000

Type  : Fast 1100mV 85C Model Hold 'inst|pll_sys|altera_pll_i|general[1].gpll~PLL_OUTPUT_COUNTER|divclk'
Slack : 0.180
TNS   : 0.000

Type  : Fast 1100mV 85C Model Hold 'inst4|u_sys_pll|sys_pll_inst|altera_pll_i|general[0].gpll~PLL_OUTPUT_COUNTER|divclk'
Slack : 0.194
TNS   : 0.000

Type  : Fast 1100mV 85C Model Hold 'inst4|u_sys_pll|sys_pll_inst|altera_pll_i|general[1].gpll~PLL_OUTPUT_COUNTER|divclk'
Slack : 0.402
TNS   : 0.000

Type  : Fast 1100mV 85C Model Recovery 'inst|pll_sys|altera_pll_i|general[1].gpll~PLL_OUTPUT_COUNTER|divclk'
Slack : 2.528
TNS   : 0.000

Type  : Fast 1100mV 85C Model Recovery 'inst|pll_sys|altera_pll_i|general[0].gpll~PLL_OUTPUT_COUNTER|divclk'
Slack : 2.735
TNS   : 0.000

Type  : Fast 1100mV 85C Model Recovery 'FPGA_CLK1_50'
Slack : 17.577
TNS   : 0.000

Type  : Fast 1100mV 85C Model Recovery 'FPGA_CLK2_50'
Slack : 17.626
TNS   : 0.000

Type  : Fast 1100mV 85C Model Recovery 'altera_reserved_tck'
Slack : 18.431
TNS   : 0.000

Type  : Fast 1100mV 85C Model Removal 'FPGA_CLK1_50'
Slack : 0.295
TNS   : 0.000

Type  : Fast 1100mV 85C Model Removal 'inst|pll_sys|altera_pll_i|general[0].gpll~PLL_OUTPUT_COUNTER|divclk'
Slack : 0.455
TNS   : 0.000

Type  : Fast 1100mV 85C Model Removal 'altera_reserved_tck'
Slack : 0.538
TNS   : 0.000

Type  : Fast 1100mV 85C Model Removal 'inst|pll_sys|altera_pll_i|general[1].gpll~PLL_OUTPUT_COUNTER|divclk'
Slack : 0.573
TNS   : 0.000

Type  : Fast 1100mV 85C Model Removal 'FPGA_CLK2_50'
Slack : 0.800
TNS   : 0.000

Type  : Fast 1100mV 85C Model Minimum Pulse Width 'inst4|u_vpg|u_pll|pll_inst|altera_pll_i|cyclonev_pll|fpll_0|fpll|vcoph[0]'
Slack : 0.617
TNS   : 0.000

Type  : Fast 1100mV 85C Model Minimum Pulse Width 'inst|pll_sys|altera_pll_i|general[0].gpll~FRACTIONAL_PLL|vcoph[0]'
Slack : 1.250
TNS   : 0.000

Type  : Fast 1100mV 85C Model Minimum Pulse Width 'inst4|u_sys_pll|sys_pll_inst|altera_pll_i|general[0].gpll~FRACTIONAL_PLL|vcoph[0]'
Slack : 2.073
TNS   : 0.000

Type  : Fast 1100mV 85C Model Minimum Pulse Width 'inst4|u_vpg|u_pll|pll_inst|altera_pll_i|cyclonev_pll|counter[0].output_counter|divclk'
Slack : 2.638
TNS   : 0.000

Type  : Fast 1100mV 85C Model Minimum Pulse Width 'inst|pll_sys|altera_pll_i|general[0].gpll~PLL_OUTPUT_COUNTER|divclk'
Slack : 3.884
TNS   : 0.000

Type  : Fast 1100mV 85C Model Minimum Pulse Width 'FPGA_CLK1_50'
Slack : 9.018
TNS   : 0.000

Type  : Fast 1100mV 85C Model Minimum Pulse Width 'FPGA_CLK2_50'
Slack : 9.438
TNS   : 0.000

Type  : Fast 1100mV 85C Model Minimum Pulse Width 'inst|pll_sys|altera_pll_i|general[1].gpll~PLL_OUTPUT_COUNTER|divclk'
Slack : 11.387
TNS   : 0.000

Type  : Fast 1100mV 85C Model Minimum Pulse Width 'altera_reserved_tck'
Slack : 19.078
TNS   : 0.000

Type  : Fast 1100mV 85C Model Minimum Pulse Width 'inst4|u_sys_pll|sys_pll_inst|altera_pll_i|general[1].gpll~PLL_OUTPUT_COUNTER|divclk'
Slack : 650.506
TNS   : 0.000

Type  : Fast 1100mV 85C Model Minimum Pulse Width 'inst4|u_sys_pll|sys_pll_inst|altera_pll_i|general[0].gpll~PLL_OUTPUT_COUNTER|divclk'
Slack : 832.971
TNS   : 0.000

Type  : Fast 1100mV 0C Model Setup 'inst4|u_vpg|u_pll|pll_inst|altera_pll_i|cyclonev_pll|counter[0].output_counter|divclk'
Slack : -227.776
TNS   : -8712.081

Type  : Fast 1100mV 0C Model Setup 'FPGA_CLK2_50'
Slack : -3.269
TNS   : -37.190

Type  : Fast 1100mV 0C Model Setup 'FPGA_CLK1_50'
Slack : -3.252
TNS   : -12.426

Type  : Fast 1100mV 0C Model Setup 'inst|pll_sys|altera_pll_i|general[1].gpll~PLL_OUTPUT_COUNTER|divclk'
Slack : 2.678
TNS   : 0.000

Type  : Fast 1100mV 0C Model Setup 'inst|pll_sys|altera_pll_i|general[0].gpll~PLL_OUTPUT_COUNTER|divclk'
Slack : 3.256
TNS   : 0.000

Type  : Fast 1100mV 0C Model Setup 'altera_reserved_tck'
Slack : 13.031
TNS   : 0.000

Type  : Fast 1100mV 0C Model Setup 'inst4|u_sys_pll|sys_pll_inst|altera_pll_i|general[1].gpll~PLL_OUTPUT_COUNTER|divclk'
Slack : 1300.173
TNS   : 0.000

Type  : Fast 1100mV 0C Model Setup 'inst4|u_sys_pll|sys_pll_inst|altera_pll_i|general[0].gpll~PLL_OUTPUT_COUNTER|divclk'
Slack : 1661.517
TNS   : 0.000

Type  : Fast 1100mV 0C Model Hold 'altera_reserved_tck'
Slack : 0.020
TNS   : 0.000

Type  : Fast 1100mV 0C Model Hold 'inst|pll_sys|altera_pll_i|general[0].gpll~PLL_OUTPUT_COUNTER|divclk'
Slack : 0.125
TNS   : 0.000

Type  : Fast 1100mV 0C Model Hold 'FPGA_CLK1_50'
Slack : 0.163
TNS   : 0.000

Type  : Fast 1100mV 0C Model Hold 'FPGA_CLK2_50'
Slack : 0.168
TNS   : 0.000

Type  : Fast 1100mV 0C Model Hold 'inst4|u_vpg|u_pll|pll_inst|altera_pll_i|cyclonev_pll|counter[0].output_counter|divclk'
Slack : 0.168
TNS   : 0.000

Type  : Fast 1100mV 0C Model Hold 'inst|pll_sys|altera_pll_i|general[1].gpll~PLL_OUTPUT_COUNTER|divclk'
Slack : 0.171
TNS   : 0.000

Type  : Fast 1100mV 0C Model Hold 'inst4|u_sys_pll|sys_pll_inst|altera_pll_i|general[0].gpll~PLL_OUTPUT_COUNTER|divclk'
Slack : 0.185
TNS   : 0.000

Type  : Fast 1100mV 0C Model Hold 'inst4|u_sys_pll|sys_pll_inst|altera_pll_i|general[1].gpll~PLL_OUTPUT_COUNTER|divclk'
Slack : 0.357
TNS   : 0.000

Type  : Fast 1100mV 0C Model Recovery 'inst|pll_sys|altera_pll_i|general[1].gpll~PLL_OUTPUT_COUNTER|divclk'
Slack : 2.811
TNS   : 0.000

Type  : Fast 1100mV 0C Model Recovery 'inst|pll_sys|altera_pll_i|general[0].gpll~PLL_OUTPUT_COUNTER|divclk'
Slack : 2.922
TNS   : 0.000

Type  : Fast 1100mV 0C Model Recovery 'FPGA_CLK1_50'
Slack : 17.848
TNS   : 0.000

Type  : Fast 1100mV 0C Model Recovery 'FPGA_CLK2_50'
Slack : 17.869
TNS   : 0.000

Type  : Fast 1100mV 0C Model Recovery 'altera_reserved_tck'
Slack : 18.637
TNS   : 0.000

Type  : Fast 1100mV 0C Model Removal 'FPGA_CLK1_50'
Slack : 0.264
TNS   : 0.000

Type  : Fast 1100mV 0C Model Removal 'inst|pll_sys|altera_pll_i|general[0].gpll~PLL_OUTPUT_COUNTER|divclk'
Slack : 0.371
TNS   : 0.000

Type  : Fast 1100mV 0C Model Removal 'altera_reserved_tck'
Slack : 0.461
TNS   : 0.000

Type  : Fast 1100mV 0C Model Removal 'inst|pll_sys|altera_pll_i|general[1].gpll~PLL_OUTPUT_COUNTER|divclk'
Slack : 0.472
TNS   : 0.000

Type  : Fast 1100mV 0C Model Removal 'FPGA_CLK2_50'
Slack : 0.724
TNS   : 0.000

Type  : Fast 1100mV 0C Model Minimum Pulse Width 'inst4|u_vpg|u_pll|pll_inst|altera_pll_i|cyclonev_pll|fpll_0|fpll|vcoph[0]'
Slack : 0.617
TNS   : 0.000

Type  : Fast 1100mV 0C Model Minimum Pulse Width 'inst|pll_sys|altera_pll_i|general[0].gpll~FRACTIONAL_PLL|vcoph[0]'
Slack : 1.250
TNS   : 0.000

Type  : Fast 1100mV 0C Model Minimum Pulse Width 'inst4|u_sys_pll|sys_pll_inst|altera_pll_i|general[0].gpll~FRACTIONAL_PLL|vcoph[0]'
Slack : 2.073
TNS   : 0.000

Type  : Fast 1100mV 0C Model Minimum Pulse Width 'inst4|u_vpg|u_pll|pll_inst|altera_pll_i|cyclonev_pll|counter[0].output_counter|divclk'
Slack : 2.629
TNS   : 0.000

Type  : Fast 1100mV 0C Model Minimum Pulse Width 'inst|pll_sys|altera_pll_i|general[0].gpll~PLL_OUTPUT_COUNTER|divclk'
Slack : 3.882
TNS   : 0.000

Type  : Fast 1100mV 0C Model Minimum Pulse Width 'FPGA_CLK1_50'
Slack : 9.047
TNS   : 0.000

Type  : Fast 1100mV 0C Model Minimum Pulse Width 'FPGA_CLK2_50'
Slack : 9.441
TNS   : 0.000

Type  : Fast 1100mV 0C Model Minimum Pulse Width 'inst|pll_sys|altera_pll_i|general[1].gpll~PLL_OUTPUT_COUNTER|divclk'
Slack : 11.385
TNS   : 0.000

Type  : Fast 1100mV 0C Model Minimum Pulse Width 'altera_reserved_tck'
Slack : 19.097
TNS   : 0.000

Type  : Fast 1100mV 0C Model Minimum Pulse Width 'inst4|u_sys_pll|sys_pll_inst|altera_pll_i|general[1].gpll~PLL_OUTPUT_COUNTER|divclk'
Slack : 650.506
TNS   : 0.000

Type  : Fast 1100mV 0C Model Minimum Pulse Width 'inst4|u_sys_pll|sys_pll_inst|altera_pll_i|general[0].gpll~PLL_OUTPUT_COUNTER|divclk'
Slack : 832.959
TNS   : 0.000

------------------------------------------------------------
